// Jest Snapshot v1, https://goo.gl/fbAQLP

exports[`FeatureMap should render 1`] = `
<div
  class="contents"
>
  <div
    class="MuiGrid2-root MuiGrid2-container MuiGrid2-direction-xs-column css-1s3vbo0-MuiGrid2-root"
    style="height: 100%; width: 100%;"
  >
    <div
      class="MuiGrid2-root MuiGrid2-direction-xs-row css-y6wdth-MuiGrid2-root"
    >
      <div
        id="TelicentMap"
        style="position: relative; width: 100%; height: 100%;"
      />
    </div>
    <div
      class="MuiGrid2-root MuiGrid2-direction-xs-row css-nr30sk-MuiGrid2-root"
    />
  </div>
</div>
`;
