// Jest Snapshot v1, https://goo.gl/fbAQLP

exports[`FeatureMap should render 1`] = `
.emotion-0 {
  box-sizing: border-box;
  display: -webkit-box;
  display: -webkit-flex;
  display: -ms-flexbox;
  display: flex;
  -webkit-box-flex-wrap: wrap;
  -webkit-flex-wrap: wrap;
  -ms-flex-wrap: wrap;
  flex-wrap: wrap;
  width: 100%;
  -webkit-flex-direction: column;
  -ms-flex-direction: column;
  flex-direction: column;
  margin: 0px;
}

.emotion-0>.MuiGrid-item {
  max-width: none;
}

.emotion-1 {
  box-sizing: border-box;
  -webkit-flex-direction: row;
  -ms-flex-direction: row;
  flex-direction: row;
  -webkit-box-flex: 1;
  -webkit-flex-grow: 1;
  -ms-flex-positive: 1;
  flex-grow: 1;
}

.emotion-2 {
  box-sizing: border-box;
  -webkit-flex-direction: row;
  -ms-flex-direction: row;
  flex-direction: row;
  -webkit-box-flex: 0;
  -webkit-flex-grow: 0;
  -ms-flex-positive: 0;
  flex-grow: 0;
  padding: 8px;
}

<div
  class="contents"
>
  <div
    class="MuiGrid-root MuiGrid-container MuiGrid-direction-xs-column emotion-0"
    style="width: 100%; height: 100%;"
  >
    <div
      class="MuiGrid-root emotion-1"
    >
      <div
        id="TelicentMap"
        style="position: relative; width: 100%; height: 100%;"
      />
    </div>
    <div
      class="MuiGrid-root emotion-2"
    />
  </div>
</div>
`;
